==== RUN START 2025-12-08T01:24:10.619719 ====
CWD: D:\016_RAG\project\code
PYTHON: 3.12.7 | packaged by Anaconda, Inc. | (main, Oct  4 2024, 13:17:27) [MSC v.1929 64 bit (AMD64)]
CMD: .\design_generator.py --config .\render_from_json_config.yaml
=================================

2025-12-08 01:24:10,625 - pipelines.orchestration.brief_assembly_pipeline - INFO - 开始组装任务书（确定性模板拼接）...
2025-12-08 01:24:10,626 - __main__ - ERROR - 设计理念生成模块运行失败: 'JSONRenderer' object has no attribute '_format_key'
Traceback (most recent call last):
  File "D:\016_RAG\project\code\design_generator.py", line 931, in <module>
    main()
  File "D:\016_RAG\project\code\design_generator.py", line 882, in main
    results[step_name] = _execute_step(step_name, args, filters)
                         ^^^^^^^^^^^^^^^^^^^^^^^^^^^^^^^^^^^^^^^
  File "D:\016_RAG\project\code\design_generator.py", line 593, in _execute_step
    result = renderer.render(
             ^^^^^^^^^^^^^^^^
  File "D:\016_RAG\project\code\pipelines\orchestration\json_renderer.py", line 721, in render
    result = self._assembler.generate_brief(project_name, project_features, sections)
             ^^^^^^^^^^^^^^^^^^^^^^^^^^^^^^^^^^^^^^^^^^^^^^^^^^^^^^^^^^^^^^^^^^^^^^^^
  File "D:\016_RAG\project\code\pipelines\orchestration\brief_assembly_pipeline.py", line 112, in generate_brief
    markdown = self.assemble_generated_content(project_name, project_features, sections)
               ^^^^^^^^^^^^^^^^^^^^^^^^^^^^^^^^^^^^^^^^^^^^^^^^^^^^^^^^^^^^^^^^^^^^^^^^^
  File "D:\016_RAG\project\code\pipelines\orchestration\brief_assembly_pipeline.py", line 83, in assemble_generated_content
    lines.append(self._renderer.render(section_data, level=3, key=key))
                 ^^^^^^^^^^^^^^^^^^^^^^^^^^^^^^^^^^^^^^^^^^^^^^^^^^^^^
  File "D:\016_RAG\project\code\pipelines\orchestration\json_renderer.py", line 85, in render
    return self._render_central_hub(data, level)
           ^^^^^^^^^^^^^^^^^^^^^^^^^^^^^^^^^^^^^
  File "D:\016_RAG\project\code\pipelines\orchestration\json_renderer.py", line 684, in _render_central_hub
    label = self._format_key(k)
            ^^^^^^^^^^^^^^^^
AttributeError: 'JSONRenderer' object has no attribute '_format_key'. Did you mean: '__format__'?
系统错误: 'JSONRenderer' object has no attribute '_format_key'

=================================
==== RUN END   2025-12-08T01:24:10.633863 ====
