==== RUN START 2025-11-30T22:38:29.221595 ====
CWD: D:\016_RAG\project\code
PYTHON: 3.12.7 | packaged by Anaconda, Inc. | (main, Oct  4 2024, 13:17:27) [MSC v.1929 64 bit (AMD64)]
CMD: D:\016_RAG\project\code\utils\indicator_analyzer.py 35000
=================================


分析目标面积: 35,000 m²

2025-11-30 22:38:29,401 - __main__ - INFO - 已加载 138 个有效案例
============================================================
📊 经济技术指标分析报告
============================================================

📐 目标建筑面积: 35,000 m²

🏛️ 等级判定 (依据《科学技术馆建设标准》):
   • 等级: 大型馆
   • 面积范围: 20,000 ~ 40,000 m²
   • 建议设计使用年限: 100 年

📈 同级案例统计 (大型馆):
   • 案例数量: 37 个
   • 平均面积: 28,791 m²
   • 最大面积: 39,000 m²
   • 最小面积: 20,000 m²
   • 近年 (2018+) 案例: 5 个
   • 近年平均面积: 30,165 m²

🔍 最相似案例 (面积接近):
   1. Mercedes-Benz Museum (archdaily)
      面积: 35,000 m² | 差异: 0 m² | 等级: 大型馆, 2006
   2. Rose Center for Earth and Space (archdaily)
      面积: 35,210 m² | 差异: +210 m² | 等级: 大型馆, 2000
   3. 中国杭州低碳科技馆 (china)
      面积: 34,293 m² | 差异: -707 m² | 等级: 大型馆
   4. 青海省科学技术馆 (china)
      面积: 33,179 m² | 差异: -1,821 m² | 等级: 大型馆
   5. Binhai Science Museum (archdaily)
      面积: 33,000 m² | 差异: -2,000 m² | 等级: 大型馆, 2019

============================================================
数据来源: 138 个建筑案例
============================================================

=================================
==== RUN END   2025-11-30T22:38:29.403761 ====
