==== RUN START 2025-12-07T22:03:58.173946 ====
CWD: D:\016_RAG\project\code
PYTHON: 3.12.7 | packaged by Anaconda, Inc. | (main, Oct  4 2024, 13:17:27) [MSC v.1929 64 bit (AMD64)]
CMD: design_generator.py --config render_from_json_config.yaml
=================================

2025-12-07 22:03:58,180 - pipelines.orchestration.brief_assembly_pipeline - INFO - 开始组装任务书（确定性模板拼接）...
2025-12-07 22:03:58,181 - pipelines.orchestration.brief_assembly_pipeline - INFO - 任务书组装完成，长度: 22898 字符
================================================================================
🎯 项目: 济南科技馆 | 步骤: JSON 渲染任务书
🧭 特征: 在黄河边，以黄河为概念
================================================================================
🧠 JSON 渲染任务书 (JSON):

# 济南科技馆 建筑设计任务书

> 生成时间: 2025-12-07 22:03:58

---

## 1. 项目概况

在黄河边，以黄河为概念


## 2. 经济技术指标 (Technical Indicators)

### Target Area

40000.0

### Target Classification

#### Class Name

特大型馆

#### Design Life

100

#### Area Range

> 30,000 m²

### Statistics

#### Same Class Count

61

#### Mean Area

78393.9

#### Max Area

500000.0

#### Min Area

30423.0

#### Recent Count

6

#### Recent Mean Area

74821.0

### Compliance

#### Standard Source

《科学技术馆建设标准》(建标 101-2007)

#### Size Class Name

特大型馆

#### Design Life

100

#### Total Area Sqm

40000.0

#### Function Area Ranges

| 功能区 | 占比范围 | 建议面积 |
| --- | --- | --- |
| exhibition_education | 55.0% ~ 60.0% | 22000.0 ㎡ ~ 24000.0 ㎡ |
| public_service | 15.0% ~ 20.0% | 6000.0 ㎡ ~ 8000.0 ㎡ |
| business_research | 10.0% ~ 15.0% | 4000.0 ㎡ ~ 6000.0 ㎡ |
| management | 10.0% ~ 15.0% | 4000.0 ㎡ ~ 6000.0 ㎡ |

#### Exhibition Area Estimate

23000.0

#### Exhibit Count Estimate

##### Min

766

##### Max

1533

#### Instantaneous Capacity

##### Min

4600

##### Max

5750

#### Warnings

_(无列表数据)_

### Industry Reference

#### Floor Area Ratio

- 0.4
- 3.2

#### Building Density

- 15.0
- 55.0

#### Green Ratio

- 10.0
- 76.0

### Similar Cases

| Name | Area | Height | Year | Source | Filepath | Size Class | Area Diff |
| --- | --- | --- | --- | --- | --- | --- | --- |
| Houston Museum of Natural Science, Houston | 40227.0 |  | 1909 | world | D:\016_RAG\project\data\world\Houston Museum of Natural Science, Houston.json | 特大型馆 | 227.0 |
| Miraikan, Tokyo | 40744.03 | 45.0 | 2001 | world | D:\016_RAG\project\data\world\Miraikan, Tokyo.json | 特大型馆 | 744.03 |
| Shanghai Astronomy Museum | 39000.0 |  | 2021 | archdaily | D:\016_RAG\project\data\archdaily\965203.json | 特大型馆 | 1000.0 |
| 广西科技馆 | 38988.0 |  |  | china | D:\016_RAG\project\data\china\广西科技馆.json | 特大型馆 | 1012.0 |
| Museum of Science, Boston | 41434.0 |  | 1951 | world | D:\016_RAG\project\data\world\Museum of Science, Boston.json | 特大型馆 | 1434.0 |

### All Cases Count

138


## 3. 设计理念 (Design Concept)

### Concept Sources

#### Standard Mandates

| Source | Clause | Content |
| --- | --- | --- |
| 参考案例：山西省科学技术馆 | 建筑造型与设计理念 | 新馆建筑设计秉承“科技发展是由‘时间切片’构成”的理念。外观造型体现科技文化寓意，并呈现地域风格特色，被称为“科技与艺术结合的精品”。北广场设有一组面向东方的人形群雕，由7座铁灰色外壳雕塑组成，勾勒出人类进化的过程。 |
| 参考案例：厦门科技馆 | 选址与城市设计协调 | 厦门科技馆是厦门文化艺术中心的重要组成部分，与图书馆、博物馆、美术馆共同构成“四馆合一”的文化建筑群。馆内设计理念紧紧围绕“人·科技·和谐”的主线... 建筑外观与文化艺术中心整体风格统一，呈现现代简约的公共建筑特质。 |
| 参考案例：北京科学中心 | 既有建筑利用与空间重组 | 该中心位于北京中轴路沿线... 由原中国科技馆老馆改建而成... 整体外观保留了原中国科技馆具有地标意义的几何造型，同时通过功能重组，形成了开放式的科学与文化交流空间，与周边的科普气象站、科学广场等户外环境有机融合。 |
| 参考案例：新疆科学技术馆 | 功能布局与建设主题 | 新疆科学技术馆新馆建设理念为“以资源、创新、实践”为主题，旨在体现新疆特色... 新馆由地下一层、地上四层的展览中心与主楼（科技培训中心及学术交流中心）共同构成，体现了综合性科技场馆的功能布局。 |

#### Theoretical Basis

基于Context中提供的案例分析，现代科技馆建筑策划呈现出显著的**类型学演变**与**场所精神**表达：1. **叙事性隐喻**：建筑形式不再单纯服从功能，而是成为科学概念的载体（如山西馆的“时间切片”与进化雕塑）；2. **城市共生**：从独立的纪念碑式建筑转向与城市文化集群的融合（如厦门馆的“四馆合一”及北京科学中心的开放式街区融合）；3. **功能复合化**：强调“展教结合”及多元功能的垂直分布（如新疆馆的地下/地上分区）。济南科技馆的设计应当依据此逻辑，在满足科普功能的同时，通过建筑语汇回应济南的地域文脉。

### Benchmarking Cases

#### 中国杭州低碳科技馆

- **Metadata**: {'architect': 'Not Specified', 'year': 'Not Specified', 'location': '杭州, 中国'}
- **Similarity Logic**: 临水选址（钱塘江 vs 黄河），均强调宏大叙事与自然隐喻的结合
- **Design Details**: {'form_logic': ['隐喻：扬帆远航的“低碳之舟”', '形态：如一枚巨大的“金元宝”', '几何：建筑中央镶嵌球体象征“地球”'], 'materiality': ['技术：太阳能光伏一体化与冰蓄冷技术', '认证：三星级绿色建筑标识'], 'spatial_features': ['区位：紧邻钱塘江的滨水空间关系', '融合：建筑与周边生态环境紧密融合', '体量：球体与舟形体量的嵌入式组合']}
> 建筑体量形态似一艘扬帆远航的“低碳之舟”，又如一枚巨大的“金元宝”，寓意着“绿水青山就是金山银山”

#### 内蒙古科学技术馆

- **Metadata**: {'architect': 'Not Specified', 'year': 'Not Specified', 'location': '内蒙古, 中国'}
- **Similarity Logic**: 地景隐喻（沙丘/哈达 vs 黄河/泥沙），采用流动的自然形态回应地域特征
- **Design Details**: {'form_logic': ['隐喻：象征“哈达”与“沙丘”的地域特色', '意象：以“旭日东升”为基底', '形态：流动的白色带状造型'], 'materiality': ['结构：双曲面空间管桁架结构', '施工：高难度钢结构工程'], 'spatial_features': ['悬挑：最大悬挑长度达39.2米', '屋面：作为第五立面的视觉憧憬', '体量：大跨度空间覆盖']}
> 建筑造型新颖，寓意“马鞍”、“哈达”、“沙丘”等内蒙古地域特色和内涵

#### 绍兴科技馆

- **Metadata**: {'architect': 'Not Specified', 'year': 'Not Specified', 'location': '绍兴, 中国'}
- **Similarity Logic**: 水体概念（水上明珠 vs 黄河），流线型体量处理手法
- **Design Details**: {'form_logic': ['隐喻：取意“水上明珠”', '几何：螺旋上升的曲线围绕形成', '体量：流线型形体强调现代感'], 'materiality': ['幕墙：铝单板幕墙体系', '对比：玻璃幕墙形成的虚实对比'], 'spatial_features': ['庭院：中间设置内部绿化庭院', '分区：南北两区的功能与人流分隔', '格局：与周边建筑形成“品”字形布局']}
> 设计理念取意“水上明珠”，寓意科技如明珠般璀璨

### Design Trends

#### Trend List

##### 叙事性参数化设计与沉浸式体验融合

- **Description**: • 建筑形态即展览：打破传统“方盒子”布局，利用参数化设计创造流动的时空隐喻，使建筑外观成为宏大的科普展品。
• 虚实共生：将多媒体投影、全息影像直接融合于建筑曲面与结构中，创造无边界的沉浸式科普环境，强调“在场感”。
- **Evidence Cases**: 迪拜未来博物馆 Museum of the Future (2022); 上海天文馆 Shanghai Astronomy Museum (2021)
> （暂无检索案例，可结合行业知识自行补充对标与趋势。）

##### “生活实验室”式的可持续与再生设计

- **Description**: • 建筑作为教具：将光伏、废物处理、水循环等绿色技术进行显性化、景观化设计，而非隐藏在后台。
• 社区融合：科普建筑不再是封闭的殿堂，而是结合屋顶公园、公共步道的开放城市客厅，强调公众对环保设施的亲身体验。
- **Evidence Cases**: 哥本哈根 CopenHill 垃圾焚烧发电厂 (2019); 瑞典 Sara Kulturhus 木结构文化中心 (2021)
> （暂无检索案例，可结合行业知识自行补充对标与趋势。）

#### Innovative Suggestions

- 建议引入“建筑数字孪生”可视化系统：参考前沿智慧建筑趋势，将建筑实时的能耗、碳排放、人流数据以艺术化形式投射在公区大屏，让建筑的“生理指标”成为科普数据科学与环保的实时教材。
- 建议采用“动态响应式表皮”设计：参考让·努维尔等大师手法，设计能随光照、风力物理开合的建筑立面，直观科普机械原理与环境物理学，增强建筑的互动性与生命感。

### Generated At

2025-12-07T21:05:50.369442


## 4. 主要功能设计要求 / 展陈体系 (Exhibition)

### Core Planning Data

#### Standard Compliance

##### Mandatory Zones

常设展厅、短期展厅、报告厅、影像厅、科普活动室、适于学龄前儿童的展厅

##### Area Ratios

缺失

##### Spatial Requirements

同一时间展厅单位面积合理接待观众的最高数量为 0.20人/m²~0.25人/m²；展品所占面积平均值为 23.1 m²/件

#### Baseline Themes

| Theme Name | Typical Ratio | Description | Reference |
| --- | --- | --- | --- |
| 展览教育用房 | [无具体证据] | 主要包括：常设展厅、短期展厅、报告厅、影像厅、科普活动室等。 | 片段3 | 科学技术馆建设标准 |
| 学龄前儿童展厅 | [无具体证据] | 为展示适于学龄前儿童的展品而设置的展厅。 | 片段4 | 博物馆建筑设计规范 |
| 常设展厅 | [无具体证据] | 根据统计，展品所占面积平均值为 23.1 m²/件。 | 片段2 | 科学技术馆建设标准 条文说明 |

### Trend Analysis Data

#### Global Trends

- ##### Trend Name

常设与临时展览的动态结合

##### Description

现代科技馆倾向于采用灵活的策展策略，通过结合核心常设展厅与临时展厅，以适应不断变化的展示内容和观众需求，保持场馆的活力与新鲜感。

##### Evidence Cases

| Case Name | Snippet |
| --- | --- |
| Museum of Medical History and Innovation | core and changing exhibition galleries |
| Shenzhen Science and Technology Museum | 35,000 sqm of permanent and temporary exhibition halls and galleries. |

##### Is General Knowledge

False
- ##### Trend Name

以中庭为核心的空间辐射与视觉引导

##### Description

中庭不再仅仅是交通空间，而是作为展厅布局的核心枢纽。展厅围绕中庭布置或从中庭延伸，利用中庭的宏大尺度提供视觉线索，直观地引导观众的参观流线。

##### Evidence Cases

| Case Name | Snippet |
| --- | --- |
| New Science and Technology Museum of Henan Province | Nearly 20 large exhibition halls themed around 'Nature, Astronomy, and Intelligence' radiating from the atrium's three wings. |
| Shenzhen Science and Technology Museum | The many galleries emerge from the floor and walls of its central atrium... each giving visual clues that intuitively direct visitors |

##### Is General Knowledge

False
- ##### Trend Name

观展动线中的休憩与景观渗透

##### Description

注重观众的体力与心理体验，在观展动线中穿插设置休息区和景观露台。这些空间不仅提供休憩功能，还允许观众在探索过程中进行沉思，或欣赏场馆内外的景观。

##### Evidence Cases

| Case Name | Snippet |
| --- | --- |
| Yibin Science and Technology Museum | enter the second-floor exhibition hall, where you can have a good view and rest. |
| Shenzhen Science and Technology Museum | Terraces provide places for rest and contemplation while exploring the exhibitions. |

##### Is General Knowledge

False
- ##### Trend Name

多学科融合的综合性展陈体系

##### Description

打破单一学科界限，将科学、自然、天文等不同领域的展馆功能进行整合，形成主题宏大且相互关联的综合性展示体系。

##### Evidence Cases

| Case Name | Snippet |
| --- | --- |
| New Science and Technology Museum of Henan Province | integrates the Science Museum, the Nature Museum, and the Astronomy Museum. |

##### Is General Knowledge

False

#### Innovative Features

- 选址于黄河之滨，强调地理文脉的连接
- 以黄河为核心设计概念，将地域文化融入科技馆形态

### Generated At

2025-12-07T21:05:30.250064


## 5. 主要功能设计要求 / 科研教学 (Science Education)

### Normative Requirements

#### Target Level

特大型馆

#### Compliance Source

科学技术馆建设标准, 博物馆建筑设计规范

#### Mandatory Rooms

| Room Type | Min Area | Note |
| --- | --- | --- |
| 展览教育用房 | [无具体证据] | 来源:科学技术馆建设标准(片段1)。通常将展览用房与教育用房合称为展览教育区(来源:博物馆建筑设计规范)。具体面积指标分配参见本标准附录(上下文未提供)。 |
| 公众服务用房 | [无具体证据] | 来源:科学技术馆建设标准(片段1)。具体面积指标分配参见本标准附录(上下文未提供)。 |
| 业务研究用房 | [无具体证据] | 来源:科学技术馆建设标准(片段1)。具体面积指标分配参见本标准附录(上下文未提供)。 |
| 管理保障用房 | [无具体证据] | 来源:科学技术馆建设标准(片段1)。具体面积指标分配参见本标准附录(上下文未提供)。 |

#### Safety Specs

- [无具体证据]

### Activity Programming

#### Trends

| Activity Name | Spatial Need | Reference Case | Is General Knowledge |
| --- | --- | --- | --- |
| Live Science Theater & Adult Evening Events | A dedicated Science Show Theatre (auditorium style) for demonstrations; Flexible exhibition halls or atriums capable of hosting social gatherings (catering/lighting) for 'Science After Hours' or 'Science Lates'. | The Franklin Institute, Philadelphia; Glasgow Science Centre, Glasgow; CERN Science Gateway, Geneva | False |
| STEM Career Pathways & Youth Internship Hubs | Multi-purpose seminar rooms and co-working style spaces for long-term programs like 'STEM Scholars' or 'Teen Interns'; Dedicated zones for career exploration (e.g., 'My World of Work Live'). | The Franklin Institute, Philadelphia; California Science Center, Los Angeles; Glasgow Science Centre, Glasgow | False |
| Hands-on Laboratory & Maker Workshops | Specialized education rooms including Wet Labs (sinks, safety ventilation) for chemistry/biology and Dry Labs/Maker Spaces ('The Bothy') for construction and robotics. | CERN Science Gateway, Geneva; Glasgow Science Centre, Glasgow; National Science Museum, Daejeon | False |
| Mobile Science Outreach Logistics | Dedicated loading docks and storage areas for 'Science on Wheels' vans and portable exhibits to facilitate community outreach. | Pacific Science Center, Seattle; The Franklin Institute, Philadelphia | False |
| Yellow River Ecological & Hydrological Workshops | Outdoor observation decks facing the river and semi-outdoor wet labs for water sampling and sediment analysis, integrating the museum's location into the curriculum. | [General Knowledge] | True |

#### Suggested Curriculum Zones

- Science Show Theatre (Live Demos)
- The Lab (Wet/Dry Educational Workshops)
- Maker Space / The Bothy (Construction & Robotics)
- STEM Career Hub (Youth Development & Internships)
- Mobile Outreach Logistics Center
- Riverside Ecological Observation Zone

### Spatial Integration Matrix

| Activity Name | Candidate Room | Rationale |
| --- | --- | --- |
| Live Science Theater & Adult Evening Events | 展览教育用房 | 基于空间需求与房间类型匹配 |
| STEM Career Pathways & Youth Internship Hubs | 展览教育用房 | 基于空间需求与房间类型匹配 |
| Hands-on Laboratory & Maker Workshops | 展览教育用房 | 基于空间需求与房间类型匹配 |
| Mobile Science Outreach Logistics | 展览教育用房 | 基于空间需求与房间类型匹配 |
| Yellow River Ecological & Hydrological Workshops | 展览教育用房 | 基于空间需求与房间类型匹配 |


## 6. 主要功能设计要求 / 公共服务 (Public Service)

### Normative Requirements

#### Project Scale Category

Standard not specified in context

#### Lobby Capacity Guide

Standard not specified in context

#### Sanitary Facilities

##### Ratio Requirement

Standard not specified in context

##### Accessibility Note

引用《民用建筑设计统一标准》：无障碍厕所隔间(外开门)平面尺寸应为 1.5m × 2.0m (不应小于 1.0m × 1.8m)。

#### Compliance Source

- 博物馆建筑设计规范
- 民用建筑设计统一标准
- 无障碍设计规范
- 建筑设计防火规范
- 科学技术馆建设标准

### Design Strategies

#### Entrance Lobby

##### Flow Strategy

设置专门的接待与导视空间以优化人流引导 (Museum of Medical History and Innovation)；大堂设计应结合外部环形步道，允许访客环绕建筑通行，实现内部大堂与外部景观流线的连续性 (Museum of Tomorrow)。

##### Atmosphere

通过四层高的中庭、帆拱穹顶、彩绘玻璃及大理石墙面，营造古典、庄重且具有历史象征意义的空间氛围 (National Museum of Nature and Science, Tokyo)。

#### Commercial Planning

| Zone | Location Logic | Case Reference | Is General Knowledge |
| --- | --- | --- | --- |
| 餐饮与工坊区 (Cafeteria and Workshops) | 将其独立于博物馆内部服务空间之外，直接服务于公众和外部广场，旨在连接博物馆活动与城市日常动态。 | Geology Museum | False |
| 非购票公共区 (Unticketed Public Areas) | 将博物馆商店、咖啡馆及临时展览空间划分为非购票区，降低公众进入门槛。 | Biomuseo | False |
| 综合配套设施 (Restaurant and Gift Shop) | 在建筑内整合餐厅、博物馆商店及礼品店，完善功能配套。 | Horno 3 Steel Museum / Museum of Tomorrow | False |

#### Amenity Innovation

利用环绕建筑的广场和码头周边的公园步道，最大化连续景观体验并提供全景视野 (Museum of Tomorrow)；将外部公园设计为对当地居民完全开放的公共空间，增强社区互动 (Biomuseo)。


## 7. 主要功能设计要求 / 商业与运营 (Front-of-House Operations)

## 5. 商业与运营体系策划 (Business & Operations Planning)

### 5.1 全球运营模式案例循证 (Evidence of Operational Models)
> 本节内容基于数据库案例检索生成，仅陈述事实。

* **文创与零售模式**:
    *   Context 中未检索到关于实体文创商店或具体零售商品的详细描述。
    *   In case **山西省科学技术馆**, it features “科普读书会”作为“科学有曰”品牌活动的一部分，涉及图书阅读相关业态。

* **教育与研学模式**:
    *   In case **山东省科学技术馆**, it features “科普大讲堂”、科学实验表演及馆校合作的青少年科技教育活动。
    *   In case **湖南省科学技术馆**, it features “周末科学营”和“科学实验堂”（如神奇的液氮、空气大炮）。
    *   In case **绍兴科技馆**, it features “科学玩家”、“Walk科技馆”、“科学追光队”等品牌，并建立了院士专家工作站和夏令营活动。
    *   In case **合肥市科技馆**, it features “合科趣研学”、“科迷加工厂”及“科普小达人大赛”。
    *   In case **云南省科学技术馆**, it features “梦想实验室”、“梦想课堂”等梦想系列科普活动。

* **场地租赁与活动**:
    *   In case **山东省科学技术馆** & **绍兴科技馆**, it features “科学之夜”品牌活动，表明场馆具备夜间运营或特定时段开放的能力。
    *   In case **山西省科学技术馆**, it features 剧场类设施如《小水滴剧场》、《黄土剧场》，用于定时演示。

### 5.2 商业空间落位策略 (Spatial Integration Strategy)

| 业态类型 | 空间耦合建议 | 规范/案例依据 |
| :--- | :--- | :--- |
| **主题餐饮** | 建议落位（服务于夜间活动及周末营地） | Context中未检索到餐饮案例，但**山东省/绍兴科技馆**的“科学之夜”及**湖南省科技馆**的“周末科学营”暗示了长时间停留的餐饮需求。 |
| **研学教室** | 建议落位（需具备独立或半独立动线） | 参考**云南省科技馆**“梦想实验室/课堂”及**合肥市科技馆**“科迷加工厂”，需实体空间承载此类高频教育活动。 |
| **文创/零售** | 建议落位（结合剧场与阅读区） | 参考**山西省科技馆**“科普读书会”及剧场演示，建议零售区结合剧场出口或阅读区设置，形成“体验-消费”闭环。 |
| **活动/租赁** | 建议落位（多功能厅/剧场） | 参考**山西省科技馆**《小水滴剧场》、《黄土剧场》及**山东省科技馆**“科普大讲堂”，需设置专业化的演艺或讲座空间。 |
| **夜间经济/独立动线** | 建议落位（支持分时段开放） | 参考**山东省/绍兴科技馆**“科学之夜”，建筑需支持部分区域夜间独立开放，不影响整体安防。 |

### 5.3 济南项目定制化建议 (Tailored Recommendations)

*   **IP开发方向**:
    *   **黄河与水主题开发**: 借鉴**山西省科学技术馆**的《小水滴剧场》和《黄土剧场》（地域特色剧场）以及**绍兴科技馆**的“水上明珠”设计理念与《盘月摆鱼》实验秀。建议济南项目结合“黄河”概念，开发“黄河泥沙实验室”或“泉水物理秀”等在地化科普IP，而非通用科学课程。
    *   **品牌化活动**: 参考**山东省科学技术馆**的“科学之光”和**绍兴科技馆**的“科学追光队”，打造属于济南的“黄河科考队”研学品牌。

*   **夜间经济**:
    *   **强烈建议开启“博物馆奇妙夜”**: 依据**山东省科学技术馆**和**绍兴科技馆**均成功运营“科学之夜”的证据，且济南项目位于黄河边，具备独特的景观优势。建议利用滨河室外空间与馆内公共大厅，策划夜间观星或夜间生物观察活动，延长消费时长。

*   **价值循环设计**:
    *   **“馆校-营地”转化循环**: 利用**山东省/绍兴科技馆**提及的“馆校合作”作为流量入口，将公立学校的参观转化为**湖南省科技馆**模式的付费“周末科学营”或**合肥市科技馆**的“合科趣研学”深度服务，实现公益引流、商业造血。
    *   **流动与固定互哺**: 参考**山东/湖南/云南/合肥**普遍存在的“流动科技馆/科普大篷车”，建议将其作为济南科技馆的“移动广告牌”，在进校园/社区时销售馆内特定展览的门票或文创周边，形成场馆内外的经济循环。

### 5.4 运营支持空间技术要求
为支持上述商业及教育活动，需预留以下建筑条件：

*   **夜间运营支持**: 针对“科学之夜”（参考山东/绍兴案例），商业区与研学区需设置**独立夜间出入口**及**分区门禁系统**，确保主展区关闭时，商业与活动区可独立运营。
*   **剧场与声学**: 针对类似山西《黄土剧场》的设施，需预留**专业声学装修**及**舞台工艺条件**（灯光/音响/幕布）。
*   **实验室条件**: 针对“梦想实验室”（云南案例）或“科迷加工厂”（合肥案例），需预留**上下水接口**（用于化学/生物实验）、**排风系统**及**强电接入**。
*   **消防与疏散**: Context 中未包含《建筑设计防火规范》具体条文，但商业与人员密集活动区（如剧场、研学教室）需严格复核疏散宽度与防火分区，需另行查证相关规范。


## 8. 主要功能设计要求 / 业务科研与后勤 (Back-of-House)

### Normative Analysis

#### Target Level

Extra Large (特大型馆)

#### Compliance Source

《科学技术馆建设标准》(建标 101-2007) 第十二条、第十六条、第二十条

#### Suggested Area Range

4,000–6,000 sqm

#### Standard Ratio Text

业务研究用房占比 10%~15% (约 4000~6000 m²); 管理保障用房占比 10%~15% (约 4000~6000 m²)

#### Mandatory Sub Functions

- 设计研究室
- 展品制作维修车间
- 图书资料室
- 技术档案室
- 声像制作室
- 展(藏)品和材料库
- 办公室
- 会议室
- 接待室
- 值班室
- 警卫室
- 食堂
- 设备用房(水、电、暖、空调、通讯)

### Empirical Highlights

| Feature Name | Case Source | Description |
| --- | --- | --- |
| Integrated Research Observatory (Open Lab) | Museum of Tomorrow | The 'Observatory of Tomorrow' is designed as a space for technological and scientific research that is integrated directly into the museum exhibitions. This approach allows the research function to be versatile and visible, transforming the 'back-of-house' scientific work into a dynamic part of the visitor experience, fitting the concept of an evolving, living institution. |
| Thematic Scientific Laboratories & Consultation Spaces | National Pavilion of Biodiversity | The facility moves beyond general workspace by establishing specialized 'thematic laboratories' (such as molecular biology labs) and specific consultation spaces. This setup supports the active scientific study of the collection (biodiversity archive), positioning the museum as an active research hub rather than just a display venue. |
| Vertical Stacking of Storage & Differentiated Climate Control | Moscow Polytechnic Museum and Educational Center Competition Entry | Logistically, collections storage and back-of-house functions are efficiently stacked between gallery spaces to optimize flow. Crucially, the design differentiates environmental controls: research spaces receive high-level climatic control systems for preservation and precision, while administrative offices utilize passive systems to save energy. |
| Collaborative Innovation Centre | Shenzhen Science and Technology Museum | Allocates significant space (part of 5,400 sqm) for research laboratories and an 'innovation centre'. This area is specifically designed to facilitate collaboration with regional tech industries, universities, and schools, turning the museum's research wing into an incubator for future technologies rather than a traditional office area. |
| Visually Connected but Operationally Distinct Research Campus | Hacettepe University- Museum and Center For Biodiversity | The design provides separate entrances for research/labs and museum spaces, facing each other across a ground plaza. This spatial arrangement creates a 'campus' feel that separates the logistics of daily scientific work from visitor traffic while maintaining a strong visual connection between the source of knowledge (research) and its dissemination (museum). |

### Space Program Suggestion

#### Core Zones

- 行政办公区
- 科研与实验区
- 藏品库房与库前区
- 展陈修复与制作工坊
- 设备与后勤支撑

#### Adjacency Requirements

科研/修复与库房保持同层邻近；库房需靠近货梯与卸货口；安保/监控与库房同轴布局；对公众开放的可视化库房需设置导览与防火分隔。


## 9. 重点空间 / 特效影院 (Special Theater)

### Typology Data

#### Summary

科技馆主流特效影厅包括巨幕（IMAX）、球幕、4D动感及沉浸式影厅。它们结合先进视听与环境特效，提供高沉浸感的科普观影体验。

#### Types

| Name | Description | Evidence |
| --- | --- | --- |
| 巨幕影院 (IMAX) | 采用超大画幅和高分辨率放映系统，提供广阔视野的观影体验。 | 巨幕影院（IMAX GT激光影厅）：银幕宽29米、高21米...采用世界先进的IMAX GT激光4K放映系统 |
| 球幕影院 | 利用半球形或360度银幕，常用于天文、海洋科普，具备强沉浸感。 | 球幕影院...拥有360度球形银幕，配备高亮度3DLP投影设备 |
| 4D动感影院 | 结合立体画面与物理环境特效（震动、风雨等），提供多感官体验。 | 结合3D立体画面与环境特效（如震动、吹风、喷水等），提供多感官的动感观影体验 |
| 沉浸式/异形影院 | 包括LED、碗幕等特殊形态，用于特定主题展示。 | LED全沉浸式影院；沉浸式碗幕影院 |

### Trend Data

#### Trend List

##### Standardization of Geometric Projection & Physical Effects

- **Description**: 早期科技馆主要依赖物理几何光学（球幕）与环境特效（4D）组合。侧重于通过银幕形状提供包围感，利用座椅震动、风雨等物理机制强化感官刺激，技术成熟但缺乏数字化深度互动。
- **Evidence Case**: 湖南省科学技术馆（传统球幕+4D配置）；福建省科学技术馆（4D影院）
- **Time Window**: <2015

##### Adoption of High-Fidelity Laser Projection

- **Description**: 从传统灯泡投影向激光光源演进，追求8K超高分辨率与广色域。利用IMAX GT激光系统等顶级商业影院技术，大幅提升亮度与对比度，解决传统巨幕画面昏暗的问题。
- **Evidence Case**: 山东省科学技术馆（IMAX GT激光4K影厅、8K激光球幕）；青岛科技馆（规划IMAX影院）
- **Time Window**: >=2015

##### Diversification of Immersive Media (LED/VR)

- **Description**: 突破单一投影模式，引入LED主动发光屏幕构建全沉浸空间，或结合VR、碗幕等异形介质。技术重点转向消除光路限制、提升黑位表现及增强观众在虚拟环境中的沉浸式交互体验。
- **Evidence Case**: 山东省科学技术馆（LED全沉浸式影院）；青岛科技馆（沉浸式碗幕、VR动感平台）
- **Time Window**: >=2015

#### Actionable Strategies

- 针对老旧球幕影院进行光源改造，由传统投影升级为8K激光系统以提升画质与亮度。
- 引入LED全沉浸式影厅或VR动感平台，作为传统巨幕的补充，以适应年轻观众对高互动性体验的需求。
- 保留并优化4D影院的环境特效，结合最新科普IP开发定制化影片，维持多感官体验的独特性。

### Suitability Data

#### Recommendations

| Theater Type | Recommended Capacity | Core Function | Rationale |
| --- | --- | --- | --- |
| 飞行影院 (Flying Theater) | 40-72座 | 核心差异化体验 / 黄河概念展示 | 基于Context 1，同城的山东省科技馆已配备世界顶级的29米IMAX GT和29米球幕，本项目不应在银幕尺寸上硬碰硬。结合“黄河”概念，飞行影院能提供“飞越黄河”的上帝视角沉浸体验，与省馆的巨幕/球幕形成差异化互补。 |
| 4D动感影院 | 60-100座 | 高周转率科普教育 | 基于Context 1, 2, 3, 5, 6，4D影院是各级科技馆（如山东省馆、青岛馆、泉州馆等）的标配设施，技术成熟且片源丰富，适合承载基础科普客流。 |
| 沉浸式碗幕或CAVE空间 | 30-50人/批次 | 地理与生态展示 | 参考Context 2（青岛科技馆）的“沉浸式碗幕”用于展示海陆变迁，本项目可利用碗幕或CAVE展示黄河泥沙沉积与河道变迁。此形态比Context 1的巨型球幕更聚气，适合具体专题内容的深度沉浸。 |

#### Spatial Requirements

- 飞行影院需预留净高12米-15米以上的通高空间及悬挂结构承重。
- 所有影院需做独立的“房中房”声学隔断，避免Context 1中提及的多影厅并存导致的相互干扰。
- 动感影院需考虑动态荷载对楼板结构的要求（通常需大于5.0kN/㎡）。


## 10. 重点空间 / 综合大厅与中庭 (Central Hub & Atrium)

### Morphology Panorama

#### Summary

本次分析揭示了科技馆中庭从单一通高空间向复合功能载体演变的趋势。剖面原型主要分为三类：以巨型球体或漏斗为视觉焦点的“雕塑核心型”，强调垂直连续动线的“螺旋交通型”，以及利用多节点连接功能区块的“分散网络型”。设计普遍融合了沉浸式影院、自然采光与象征性形态。

#### Archetypes

- ##### Name

Sculptural Core Void (雕塑核心型)

##### Spatial Diagram Desc

在中央垂直通高空间内部悬浮或置入巨大的几何体量（如球体、漏斗、方盒），形成“虚实共生”的剖面关系，核心体量通常兼具影院功能。

##### Typical Features

- 巨型几何装置（球体/漏斗/方盒）
- 核心体量内藏沉浸式影院
- 顶部采光与视觉焦点结合

##### Representative Case

湖北省科学技术馆
- ##### Name

Helical Circulation Void (螺旋交通型)

##### Spatial Diagram Desc

以连续的螺旋坡道作为剖面核心逻辑，动线盘旋上升贯穿所有楼层，中庭空间由交通路径围合界定，强调垂直向的流动感。

##### Typical Features

- DNA双螺旋结构坡道
- 顶部玻璃穹顶采光
- 交通动线即视觉景观

##### Representative Case

海南省科学技术馆
- ##### Name

Dispersed Network Void (分散网络型)

##### Spatial Diagram Desc

打破单一集中式中庭模式，采用水平向的“泛空间”或多个分散的文化中庭节点，在剖面上呈现为多点穿插、有机连接各功能盒子的形态。

##### Typical Features

- 多中庭节点布局
- 水平向开阔泛空间
- 功能区块的有机穿插

##### Representative Case

辽宁省科学技术馆

### Benchmarking Cases

#### 河南省科学技术馆

- **Basic Data**: {'total_area': '129,365 ㎡', 'atrium_height': '42 m'}
- **Spatial Anatomy**: {'volume_strategy': ['悬挂球体(球幕影院)置于中庭顶部', '3000㎡大跨度通高空间'], 'light_environment': ['生态中庭采光', '顶部球体作为视觉核心遮挡部分直射光(Inferred)'], 'interface_materiality': ['球体表面复合材料(Inferred)', '生态呼吸幕墙系统']}
- **Circulation Integration**: 围绕悬挂球体组织视觉中心，中庭作为核心集散枢纽
> 中庭通高42米，面积近3000平方米，设计为“能够呼吸”的生态中庭；其顶部悬挂有巨大的球形设备

#### 安徽省科学技术馆

- **Basic Data**: {'total_area': '60,000 ㎡', 'atrium_height': '34 m'}
- **Spatial Anatomy**: {'volume_strategy': ['内设巨大球体(LED地球屏)', '外部螺旋曲线造型映射内部空间'], 'light_environment': ['LED自发光作为主要光源之一', '通透幕墙允许内外视线互通'], 'interface_materiality': ['异形钻石形态幕墙(玻璃/金属)', 'LED显示屏表面']}
- **Circulation Integration**: 围绕巨型LED球体组织的观演流线(Inferred)
> 序厅中庭区域拥有全国最大的室内LED球形显示屏...中庭吊顶造型复杂，距离地面高度约34米...幕墙整体呈现“异形钻石”形态

#### 海南省科学技术馆

- **Basic Data**: {'total_area': '46,528 ㎡', 'atrium_height': '通高 (Full Height, Inferred)'}
- **Spatial Anatomy**: {'volume_strategy': ['垂直贯通空间', '顶部穹顶覆盖'], 'light_environment': ['顶部采光(Top-lighting)', '自然光直射'], 'interface_materiality': ['玻璃穹顶(Glass Dome)', '实体坡道栏板(Inferred)']}
- **Circulation Integration**: DNA双螺旋坡道贯穿全楼层，交通动线与视觉景观合一
> 顶部设有巨大的玻璃穹顶，自然光可直接倾洒而下。一条极具视觉冲击力的螺旋坡道（类似DNA双螺旋结构）从地面蜿蜒盘旋至顶层

### Design Trends

#### Trend List

##### Ecological Climate-Responsive Atrium

- **Description**: 现代科技馆中庭倾向于作为建筑的“呼吸器官”，利用热烟囱效应与双层幕墙技术促进自然通风。同时通过朝向优化与遮阳措施精细控制光环境，在引入自然光的同时降低热辐射，实现被动式节能。
- **Tech Keywords**: Thermal chimney; Double-skin breathing curtain wall; Passive solar design; Natural ventilation

##### Structural-Functional Compounding

- **Description**: 空间策略上强调“核心置入”，利用大跨度结构将球幕影院等巨型功能体悬挂或嵌入中庭。这种复合化设计既创造了视觉焦点（如“空间之眼”或“虫洞”），又高效利用了垂直空间，形成震撼的叙事性空间。
- **Tech Keywords**: Huge span steel truss; Suspended sphere; Immersive aerial cinema; Orbital-like system

##### Boundary Dissolution & Landscape Integration

- **Description**: 通过高通透玻璃界面或半室外设计模糊建筑内外界限。将中庭视线引导至外部自然景观（如海景、公园），使公共大厅成为城市景观的延伸，增强访客的方位感并提供全景视野。
- **Tech Keywords**: Glazed wall; Indoor-outdoor integration; Open-air atrium; Visual connection

#### Spatial Strategy Proposal

建议本项目采用‘生态核+悬浮体’的空间策略：设计一个具备热烟囱效应的通高生态中庭作为气候缓冲腔体，利用顶部天窗与侧向开启扇实现自然通风；在结构上，利用大跨度钢桁架将核心展项或多媒体功能体（如球幕）悬置于中庭上空，释放地面作为多功能城市客厅；立面朝向景观面最大化通透度，实现光环境优化与景观渗透的统一。

### Generated At

2025-12-07T21:05:38.880840


---

*本任务书由 RAG 系统自动生成，仅供参考。*


=================================
==== RUN END   2025-12-07T22:03:58.187622 ====
