==== RUN START 2025-12-05T02:46:13.489057 ====
CWD: D:\016_RAG\project\code
PYTHON: 3.12.7 | packaged by Anaconda, Inc. | (main, Oct  4 2024, 13:17:27) [MSC v.1929 64 bit (AMD64)]
CMD: design_generator.py --config design_config.yaml
=================================

2025-12-05 02:46:13,492 - core.embedding_manager - INFO - 正在初始化共享 embedding 模型: BAAI/bge-small-zh-v1.5
2025-12-05 02:46:13,494 - sentence_transformers.SentenceTransformer - INFO - Load pretrained SentenceTransformer: BAAI/bge-small-zh-v1.5
2025-12-05 02:46:19,905 - core.embedding_manager - INFO - 共享 embedding 模型初始化完成: BAAI/bge-small-zh-v1.5
2025-12-05 02:46:19,910 - faiss.loader - INFO - Loading faiss with AVX2 support.
2025-12-05 02:46:19,935 - faiss.loader - INFO - Successfully loaded faiss with AVX2 support.
2025-12-05 02:46:19,955 - pipelines.domains.design_concept_pipeline - INFO - 已加载设计理念向量索引: D:\016_RAG\project\code\vector_index\design_concepts
2025-12-05 02:46:19,956 - __main__ - ERROR - 设计理念生成模块运行失败: project_name 不能为空
Traceback (most recent call last):
  File "D:\016_RAG\project\code\design_generator.py", line 748, in <module>
    main()
  File "D:\016_RAG\project\code\design_generator.py", line 710, in main
    results[step_name] = _execute_step(step_name, args, filters)
                         ^^^^^^^^^^^^^^^^^^^^^^^^^^^^^^^^^^^^^^^
  File "D:\016_RAG\project\code\design_generator.py", line 389, in _execute_step
    return design_generator.generate(
           ^^^^^^^^^^^^^^^^^^^^^^^^^^
  File "D:\016_RAG\project\code\pipelines\domains\design_concept_pipeline.py", line 438, in generate
    raise ValueError("project_name 不能为空")
ValueError: project_name 不能为空
系统错误: project_name 不能为空

=================================
==== RUN END   2025-12-05T02:46:19.957742 ====
