==== RUN START 2025-12-07T17:15:48.051289 ====
CWD: D:\016_RAG\project\code
PYTHON: 3.12.7 | packaged by Anaconda, Inc. | (main, Oct  4 2024, 13:17:27) [MSC v.1929 64 bit (AMD64)]
CMD: .\design_generator.py --config .\public_service_config.yaml --dry-run
=================================

2025-12-07 17:15:48,055 - core.embedding_manager - INFO - 正在初始化共享 embedding 模型: BAAI/bge-small-zh-v1.5
2025-12-07 17:15:48,056 - sentence_transformers.SentenceTransformer - INFO - Load pretrained SentenceTransformer: BAAI/bge-small-zh-v1.5
2025-12-07 17:15:55,589 - core.embedding_manager - INFO - 共享 embedding 模型初始化完成: BAAI/bge-small-zh-v1.5
2025-12-07 17:15:55,590 - __main__ - ERROR - 设计理念生成模块运行失败: PublicServiceGenerator.generate() got an unexpected keyword argument 'target_area'
Traceback (most recent call last):
  File "D:\016_RAG\project\code\design_generator.py", line 845, in <module>
    main()
  File "D:\016_RAG\project\code\design_generator.py", line 804, in main
    results[step_name] = _execute_step(step_name, args, filters)
                         ^^^^^^^^^^^^^^^^^^^^^^^^^^^^^^^^^^^^^^^
  File "D:\016_RAG\project\code\design_generator.py", line 540, in _execute_step
    return service_generator.generate(
           ^^^^^^^^^^^^^^^^^^^^^^^^^^^
TypeError: PublicServiceGenerator.generate() got an unexpected keyword argument 'target_area'
系统错误: PublicServiceGenerator.generate() got an unexpected keyword argument 'target_area'

=================================
==== RUN END   2025-12-07T17:15:55.593013 ====
