==== RUN START 2025-12-07T17:04:53.623900 ====
CWD: D:\016_RAG\project\code
PYTHON: 3.12.7 | packaged by Anaconda, Inc. | (main, Oct  4 2024, 13:17:27) [MSC v.1929 64 bit (AMD64)]
CMD: .\design_generator.py --config .\science_education_config.yaml --dry-run
=================================

2025-12-07 17:04:53,633 - core.embedding_manager - INFO - 正在初始化共享 embedding 模型: BAAI/bge-small-zh-v1.5
2025-12-07 17:04:53,636 - sentence_transformers.SentenceTransformer - INFO - Load pretrained SentenceTransformer: BAAI/bge-small-zh-v1.5
2025-12-07 17:05:00,366 - core.embedding_manager - INFO - 共享 embedding 模型初始化完成: BAAI/bge-small-zh-v1.5
2025-12-07 17:05:00,367 - __main__ - ERROR - 设计理念生成模块运行失败: ScienceEducationGenerator.generate() got an unexpected keyword argument 'query'
Traceback (most recent call last):
  File "D:\016_RAG\project\code\design_generator.py", line 844, in <module>
    main()
  File "D:\016_RAG\project\code\design_generator.py", line 803, in main
    results[step_name] = _execute_step(step_name, args, filters)
                         ^^^^^^^^^^^^^^^^^^^^^^^^^^^^^^^^^^^^^^^
  File "D:\016_RAG\project\code\design_generator.py", line 524, in _execute_step
    return science_generator.generate(
           ^^^^^^^^^^^^^^^^^^^^^^^^^^^
TypeError: ScienceEducationGenerator.generate() got an unexpected keyword argument 'query'
系统错误: ScienceEducationGenerator.generate() got an unexpected keyword argument 'query'

=================================
==== RUN END   2025-12-07T17:05:00.369598 ====
