==== RUN START 2025-12-06T01:49:24.928860 ====
CWD: D:\016_RAG\project\code
PYTHON: 3.12.7 | packaged by Anaconda, Inc. | (main, Oct  4 2024, 13:17:27) [MSC v.1929 64 bit (AMD64)]
CMD: .\design_generator.py --config .\special_theater_config.yaml
=================================

2025-12-06 01:49:24,945 - __main__ - ERROR - 设计理念生成模块运行失败: while scanning for the next token
found character '\t' that cannot start any token
  in "special_theater_config.yaml", line 2, column 1
Traceback (most recent call last):
  File "D:\016_RAG\project\code\design_generator.py", line 816, in <module>
    main()
  File "D:\016_RAG\project\code\design_generator.py", line 739, in main
    merged = _load_yaml_config(args)
             ^^^^^^^^^^^^^^^^^^^^^^^
  File "D:\016_RAG\project\code\design_generator.py", line 163, in _load_yaml_config
    raw = yaml.safe_load(f) or {}
          ^^^^^^^^^^^^^^^^^
  File "D:\Anaconda\envs\cook-rag-1\Lib\site-packages\yaml\__init__.py", line 125, in safe_load
    return load(stream, SafeLoader)
           ^^^^^^^^^^^^^^^^^^^^^^^^
  File "D:\Anaconda\envs\cook-rag-1\Lib\site-packages\yaml\__init__.py", line 81, in load
    return loader.get_single_data()
           ^^^^^^^^^^^^^^^^^^^^^^^^
  File "D:\Anaconda\envs\cook-rag-1\Lib\site-packages\yaml\constructor.py", line 49, in get_single_data
    node = self.get_single_node()
           ^^^^^^^^^^^^^^^^^^^^^^
  File "D:\Anaconda\envs\cook-rag-1\Lib\site-packages\yaml\composer.py", line 36, in get_single_node
    document = self.compose_document()
               ^^^^^^^^^^^^^^^^^^^^^^^
  File "D:\Anaconda\envs\cook-rag-1\Lib\site-packages\yaml\composer.py", line 55, in compose_document
    node = self.compose_node(None, None)
           ^^^^^^^^^^^^^^^^^^^^^^^^^^^^^
  File "D:\Anaconda\envs\cook-rag-1\Lib\site-packages\yaml\composer.py", line 84, in compose_node
    node = self.compose_mapping_node(anchor)
           ^^^^^^^^^^^^^^^^^^^^^^^^^^^^^^^^^
  File "D:\Anaconda\envs\cook-rag-1\Lib\site-packages\yaml\composer.py", line 133, in compose_mapping_node
    item_value = self.compose_node(node, item_key)
                 ^^^^^^^^^^^^^^^^^^^^^^^^^^^^^^^^^
  File "D:\Anaconda\envs\cook-rag-1\Lib\site-packages\yaml\composer.py", line 64, in compose_node
    if self.check_event(AliasEvent):
       ^^^^^^^^^^^^^^^^^^^^^^^^^^^^
  File "D:\Anaconda\envs\cook-rag-1\Lib\site-packages\yaml\parser.py", line 98, in check_event
    self.current_event = self.state()
                         ^^^^^^^^^^^^
  File "D:\Anaconda\envs\cook-rag-1\Lib\site-packages\yaml\parser.py", line 449, in parse_block_mapping_value
    if not self.check_token(KeyToken, ValueToken, BlockEndToken):
           ^^^^^^^^^^^^^^^^^^^^^^^^^^^^^^^^^^^^^^^^^^^^^^^^^^^^^
  File "D:\Anaconda\envs\cook-rag-1\Lib\site-packages\yaml\scanner.py", line 116, in check_token
    self.fetch_more_tokens()
  File "D:\Anaconda\envs\cook-rag-1\Lib\site-packages\yaml\scanner.py", line 258, in fetch_more_tokens
    raise ScannerError("while scanning for the next token", None,
yaml.scanner.ScannerError: while scanning for the next token
found character '\t' that cannot start any token
  in "special_theater_config.yaml", line 2, column 1
系统错误: while scanning for the next token
found character '\t' that cannot start any token
  in "special_theater_config.yaml", line 2, column 1

=================================
==== RUN END   2025-12-06T01:49:24.963974 ====
