==== RUN START 2025-12-01T01:57:01.883549 ====
CWD: D:\016_RAG\project\code
PYTHON: 3.12.7 | packaged by Anaconda, Inc. | (main, Oct  4 2024, 13:17:27) [MSC v.1929 64 bit (AMD64)]
CMD: utils\indicator_analyzer.py 12000
=================================

============================================================
📊 经济技术指标分析报告
============================================================

📐 目标建筑面积: 12,000 m²

🏛️ 等级判定 (依据《科学技术馆建设标准》):
   • 等级: 中型馆
   • 面积范围: 8,000 ~ 15,000 m²
   • 建议设计使用年限: 50 年

📋 国家标准合规性推演 (依据：建标 101-2007):
   • 判定等级: 中型馆 | 面积范围: 8,000 ~ 15,000 m²
   • 功能用房面积分配建议：
      - 展览教育用房: 65.0–70.0% 约 7,800–8,400 m²
      - 公共服务用房: 5.0–10.0% 约 600–1,200 m²
      - 业务研究用房: 5.0–10.0% 约 600–1,200 m²
      - 管理保障用房: 15.0–20.0% 约 1,800–2,400 m²
   • 展厅面积估算: 8,100 m² (用于下述指标推演)
   • 理论展品数量: 约 270–540 件
   • 瞬时最大观众容量: 约 1,620–2,025 人

📈 同级案例统计 (中型馆):
   • 案例数量: 21 个
   • 平均面积: 11,326 m²
   • 最大面积: 15,000 m²
   • 最小面积: 8,200 m²
   • 近年 (2018+) 案例: 3 个
   • 近年平均面积: 11,112 m²

🔍 最相似案例 (面积接近):
   1. 深圳市科学馆 (china)
      面积: 12,000 m² | 差异: 0 m² | 等级: 中型馆
   2. Catavento Cultural e Educacional, Sao Paulo (world)
      面积: 12,000 m² | 差异: 0 m² | 等级: 中型馆, 2009
      📐 建筑高度: 50.0 m
   3. Tekniska museet, Stockholm (world)
      面积: 12,000 m² | 差异: 0 m² | 等级: 中型馆, 1936
   4. National Pavilion of Biodiversity (archdaily)
      面积: 11,780 m² | 差异: -220 m² | 等级: 中型馆, 2022
   5. Museum of Medical History and Innovation (archdaily)
      面积: 12,270 m² | 差异: +270 m² | 等级: 中型馆, 2012

============================================================
数据来源: 138 个建筑案例
============================================================

=================================
==== RUN END   2025-12-01T01:57:02.092507 ====
